<html>
<body>
<pre>
<h1>µVision Build Log</h1>
<h2>Tool Versions:</h2>
IDE-Version: µVision V5.36.0.0
Copyright (C) 2021 ARM Ltd and ARM Germany GmbH. All rights reserved.
License Information: Bernard Borio Polito Flex license: error obtaining information 
Tool Versions:
Toolchain:       MDK-Lite  Version: 5.36.0.0
Toolchain Path:  C:\Keil_v5\ARM\ARMCC\Bin
C Compiler:      Armcc.exe V5.06 update 7 (build 960)
Assembler:       Armasm.exe V5.06 update 7 (build 960)
Linker/Locator:  ArmLink.exe V5.06 update 7 (build 960)
Library Manager: ArmAr.exe V5.06 update 7 (build 960)
Hex Converter:   FromElf.exe V5.06 update 7 (build 960)
CPU DLL:         SARMCM3.DLL V5.36.0.0
Dialog DLL:      DARMP1.DLL V1.27.0.0
Target DLL:      UL2CM3.DLL V1.164.0.0
Dialog DLL:      TARMP1.DLL V1.26.0.0
 
<h2>Project:</h2>
D:\Progetti ARM\Tetris_LT\sample.uvprojx
Project File Date:  02/26/2023

<h2>Output:</h2>
*** Using Compiler 'V5.06 update 7 (build 960)', folder: 'C:\Keil_v5\ARM\ARMCC\Bin'
Build target 'Target 1'
compiling gameControls.c...
gameControls\gameControls.h(7): warning:  #1-D: last line of file ends without a newline
  void clearGlitch(void);
gameControls\gameControls.c(85): warning:  #177-D: variable "x"  was declared but never referenced
    int i, j, k, l, x, y, fullCells = 0, matrixChanged = 0;
gameControls\gameControls.c(85): warning:  #177-D: variable "y"  was declared but never referenced
    int i, j, k, l, x, y, fullCells = 0, matrixChanged = 0;
gameControls\gameControls.c(122): warning:  #223-D: function "sprintf" declared implicitly
    sprintf(s, "%d", points-1);
gameControls\gameControls.c(129): warning:  #1-D: last line of file ends without a newline
  uint8_t initPosX = 4, initPosY = 0, posX, posY, prevPosX, prevPosY, actualShape;
gameControls\gameControls.c: 5 warnings, 0 errors
linking...
Program Size: Code=36980 RO-data=1976 RW-data=176 ZI-data=608  
".\sample.axf" - 0 Error(s), 5 Warning(s).

<h2>Software Packages used:</h2>

Package Vendor: ARM
                http://www.keil.com/pack/ARM.CMSIS.5.9.0.pack
                ARM.CMSIS.5.9.0
                CMSIS (Common Microcontroller Software Interface Standard)
   * Component: CORE Version: 5.6.0

Package Vendor: Keil
                http://www.keil.com/pack/Keil.LPC1700_DFP.2.7.1.pack
                Keil.LPC1700_DFP.2.7.1
                NXP LPC1700 Series Device Support, Drivers and Examples for MCB1700 and LPC1788-32

<h2>Collection of Component include folders:</h2>
  .\RTE\_Target_1
  C:\Users\bebo1\AppData\Local\Arm\Packs\ARM\CMSIS\5.9.0\CMSIS\Core\Include
  C:\Users\bebo1\AppData\Local\Arm\Packs\Keil\LPC1700_DFP\2.7.1\Device\Include

<h2>Collection of Component Files used:</h2>

   * Component: ARM::CMSIS:CORE:5.6.0
Build Time Elapsed:  00:00:02
</pre>
</body>
</html>
